2025-06-20 20:50:50,438 ERROR: No valid avg90 or current for ASIN 1926778324: avg=12099, curr=-1
2025-06-21 18:36:38,149 ERROR: Function last_update failed for ASIN 1529027624: last_update() missing 2 required positional arguments: 'config_data' and 'logger'
2025-06-21 18:36:56,547 ERROR: Function last_update failed for ASIN 0692351582: last_update() missing 2 required positional arguments: 'config_data' and 'logger'
2025-06-21 18:37:16,191 ERROR: Function last_update failed for ASIN 0691072477: last_update() missing 2 required positional arguments: 'config_data' and 'logger'
2025-06-21 18:37:36,493 ERROR: Function last_update failed for ASIN 0856675997: last_update() missing 2 required positional arguments: 'config_data' and 'logger'
2025-06-21 18:37:54,206 ERROR: Function last_update failed for ASIN 2764323247: last_update() missing 2 required positional arguments: 'config_data' and 'logger'
2025-06-21 18:38:11,106 ERROR: Function last_update failed for ASIN B004105VUO: last_update() missing 2 required positional arguments: 'config_data' and 'logger'
2025-06-21 18:38:33,938 ERROR: Function last_update failed for ASIN 8415292643: last_update() missing 2 required positional arguments: 'config_data' and 'logger'
2025-06-21 18:38:56,502 ERROR: Function last_update failed for ASIN 8120820738: last_update() missing 2 required positional arguments: 'config_data' and 'logger'
2025-06-21 18:39:19,186 ERROR: Function last_update failed for ASIN 0897333535: last_update() missing 2 required positional arguments: 'config_data' and 'logger'
2025-06-21 18:39:39,790 ERROR: Function last_update failed for ASIN 1931283028: last_update() missing 2 required positional arguments: 'config_data' and 'logger'
2025-06-21 18:39:52,619 ERROR: Function last_update failed for ASIN 8365282313: last_update() missing 2 required positional arguments: 'config_data' and 'logger'
2025-06-21 18:40:13,575 ERROR: Function last_update failed for ASIN 0394499867: last_update() missing 2 required positional arguments: 'config_data' and 'logger'
2025-06-21 18:40:36,420 ERROR: Function last_update failed for ASIN 1932786422: last_update() missing 2 required positional arguments: 'config_data' and 'logger'
2025-06-21 18:40:58,921 ERROR: Function last_update failed for ASIN 1476662932: last_update() missing 2 required positional arguments: 'config_data' and 'logger'
2025-06-21 18:41:21,771 ERROR: Function last_update failed for ASIN 0970429002: last_update() missing 2 required positional arguments: 'config_data' and 'logger'
2025-06-21 18:41:44,811 ERROR: Function last_update failed for ASIN 1600513492: last_update() missing 2 required positional arguments: 'config_data' and 'logger'
2025-06-21 18:42:02,366 ERROR: Function last_update failed for ASIN 0978903404: last_update() missing 2 required positional arguments: 'config_data' and 'logger'
2025-06-21 18:42:15,678 ERROR: Function last_update failed for ASIN 0763750751: last_update() missing 2 required positional arguments: 'config_data' and 'logger'
2025-06-21 18:42:38,526 ERROR: Function last_update failed for ASIN 195739899X: last_update() missing 2 required positional arguments: 'config_data' and 'logger'
2025-06-21 18:43:35,695 ERROR: Function last_update failed for ASIN 0520268326: last_update() missing 2 required positional arguments: 'config_data' and 'logger'
2025-06-21 18:43:52,504 ERROR: Function last_update failed for ASIN B008FM0DWK: last_update() missing 2 required positional arguments: 'config_data' and 'logger'
2025-06-21 18:44:11,489 ERROR: Function last_update failed for ASIN 0732269075: last_update() missing 2 required positional arguments: 'config_data' and 'logger'
2025-06-21 18:44:24,062 ERROR: Function last_update failed for ASIN B0B1G39P12: last_update() missing 2 required positional arguments: 'config_data' and 'logger'
2025-06-21 18:44:37,014 ERROR: Function last_update failed for ASIN 0312944446: last_update() missing 2 required positional arguments: 'config_data' and 'logger'
2025-06-21 18:44:49,818 ERROR: Function last_update failed for ASIN B0045PC176: last_update() missing 2 required positional arguments: 'config_data' and 'logger'
2025-06-21 19:46:07,487 ERROR: Function deal_found failed for ASIN 1529027624: deal_found() takes 1 positional argument but 3 were given
2025-06-21 19:46:17,509 ERROR: Function last_price_change failed for ASIN 1529027624: last_price_change() takes 1 positional argument but 3 were given
2025-06-21 19:46:27,636 ERROR: Function deal_found failed for ASIN 0692351582: deal_found() takes 1 positional argument but 3 were given
2025-06-21 19:46:37,665 ERROR: Function last_price_change failed for ASIN 0692351582: last_price_change() takes 1 positional argument but 3 were given
2025-06-21 19:46:46,080 ERROR: Function deal_found failed for ASIN 0691072477: deal_found() takes 1 positional argument but 3 were given
2025-06-21 19:46:56,220 ERROR: Function last_price_change failed for ASIN 0691072477: last_price_change() takes 1 positional argument but 3 were given
2025-06-21 19:47:04,415 ERROR: Function deal_found failed for ASIN 0856675997: deal_found() takes 1 positional argument but 3 were given
2025-06-21 19:47:14,421 ERROR: Function last_price_change failed for ASIN 0856675997: last_price_change() takes 1 positional argument but 3 were given
2025-06-21 19:47:21,287 ERROR: Function deal_found failed for ASIN 2764323247: deal_found() takes 1 positional argument but 3 were given
2025-06-21 19:47:31,294 ERROR: Function last_price_change failed for ASIN 2764323247: last_price_change() takes 1 positional argument but 3 were given
2025-06-21 19:47:38,054 ERROR: Function deal_found failed for ASIN B004105VUO: deal_found() takes 1 positional argument but 3 were given
2025-06-21 19:47:48,058 ERROR: Function last_price_change failed for ASIN B004105VUO: last_price_change() takes 1 positional argument but 3 were given
2025-06-21 19:47:53,761 ERROR: Function deal_found failed for ASIN 8415292643: deal_found() takes 1 positional argument but 3 were given
2025-06-21 19:48:03,765 ERROR: Function last_price_change failed for ASIN 8415292643: last_price_change() takes 1 positional argument but 3 were given
2025-06-21 19:48:15,672 ERROR: Function deal_found failed for ASIN 8120820738: deal_found() takes 1 positional argument but 3 were given
2025-06-21 19:48:25,677 ERROR: Function last_price_change failed for ASIN 8120820738: last_price_change() takes 1 positional argument but 3 were given
2025-06-21 19:48:33,909 ERROR: Function deal_found failed for ASIN 0897333535: deal_found() takes 1 positional argument but 3 were given
2025-06-21 19:48:43,914 ERROR: Function last_price_change failed for ASIN 0897333535: last_price_change() takes 1 positional argument but 3 were given
2025-06-21 19:48:53,502 ERROR: Function deal_found failed for ASIN 1931283028: deal_found() takes 1 positional argument but 3 were given
2025-06-21 19:49:03,508 ERROR: Function last_price_change failed for ASIN 1931283028: last_price_change() takes 1 positional argument but 3 were given
2025-06-21 19:49:11,201 ERROR: Function deal_found failed for ASIN 8365282313: deal_found() takes 1 positional argument but 3 were given
2025-06-21 19:49:21,205 ERROR: Function last_price_change failed for ASIN 8365282313: last_price_change() takes 1 positional argument but 3 were given
2025-06-21 19:49:31,981 ERROR: Function deal_found failed for ASIN 0394499867: deal_found() takes 1 positional argument but 3 were given
2025-06-21 19:49:41,988 ERROR: Function last_price_change failed for ASIN 0394499867: last_price_change() takes 1 positional argument but 3 were given
2025-06-21 19:49:55,301 ERROR: Function deal_found failed for ASIN 1932786422: deal_found() takes 1 positional argument but 3 were given
2025-06-21 19:50:05,307 ERROR: Function last_price_change failed for ASIN 1932786422: last_price_change() takes 1 positional argument but 3 were given
2025-06-21 19:50:17,756 ERROR: Function deal_found failed for ASIN 1476662932: deal_found() takes 1 positional argument but 3 were given
2025-06-21 19:50:27,762 ERROR: Function last_price_change failed for ASIN 1476662932: last_price_change() takes 1 positional argument but 3 were given
2025-06-21 19:50:42,096 ERROR: Function deal_found failed for ASIN 0970429002: deal_found() takes 1 positional argument but 3 were given
2025-06-21 19:50:52,101 ERROR: Function last_price_change failed for ASIN 0970429002: last_price_change() takes 1 positional argument but 3 were given
2025-06-21 19:51:02,272 ERROR: Function deal_found failed for ASIN 1600513492: deal_found() takes 1 positional argument but 3 were given
2025-06-21 19:51:12,278 ERROR: Function last_price_change failed for ASIN 1600513492: last_price_change() takes 1 positional argument but 3 were given
2025-06-21 19:51:19,688 ERROR: Function deal_found failed for ASIN 0978903404: deal_found() takes 1 positional argument but 3 were given
2025-06-21 19:51:29,700 ERROR: Function last_price_change failed for ASIN 0978903404: last_price_change() takes 1 positional argument but 3 were given
2025-06-21 19:51:39,582 ERROR: Function deal_found failed for ASIN 0763750751: deal_found() takes 1 positional argument but 3 were given
2025-06-21 19:51:49,594 ERROR: Function last_price_change failed for ASIN 0763750751: last_price_change() takes 1 positional argument but 3 were given
2025-06-21 19:51:57,730 ERROR: Function deal_found failed for ASIN 0520268326: deal_found() takes 1 positional argument but 3 were given
2025-06-21 19:52:07,739 ERROR: Function last_price_change failed for ASIN 0520268326: last_price_change() takes 1 positional argument but 3 were given
2025-06-21 19:52:15,286 ERROR: Function deal_found failed for ASIN B008FM0DWK: deal_found() takes 1 positional argument but 3 were given
2025-06-21 19:52:25,302 ERROR: Function last_price_change failed for ASIN B008FM0DWK: last_price_change() takes 1 positional argument but 3 were given
2025-06-21 19:52:34,153 ERROR: Function deal_found failed for ASIN 0732269075: deal_found() takes 1 positional argument but 3 were given
2025-06-21 19:52:44,166 ERROR: Function last_price_change failed for ASIN 0732269075: last_price_change() takes 1 positional argument but 3 were given
2025-06-21 19:52:52,135 ERROR: Function deal_found failed for ASIN B0B1G39P12: deal_found() takes 1 positional argument but 3 were given
2025-06-21 19:53:02,149 ERROR: Function last_price_change failed for ASIN B0B1G39P12: last_price_change() takes 1 positional argument but 3 were given
2025-06-21 19:53:17,685 ERROR: Function deal_found failed for ASIN B0045PC176: deal_found() takes 1 positional argument but 3 were given
2025-06-21 19:53:27,704 ERROR: Function last_price_change failed for ASIN B0045PC176: last_price_change() takes 1 positional argument but 3 were given
2025-06-21 19:53:37,644 ERROR: Function deal_found failed for ASIN 0312944446: deal_found() takes 1 positional argument but 3 were given
2025-06-21 19:53:47,768 ERROR: Function last_price_change failed for ASIN 0312944446: last_price_change() takes 1 positional argument but 3 were given
2025-06-21 19:53:50,407 ERROR: Function deal_found failed for ASIN 1939899354: deal_found() takes 1 positional argument but 3 were given
2025-06-21 19:54:00,559 ERROR: Function last_price_change failed for ASIN 1939899354: last_price_change() takes 1 positional argument but 3 were given
